---
source: tests/integration/screens/trending_repository_selection_screen_test.rs
expression: output
---
  ┌GitType - Trending────────────────────────────────────────────────────────────────────────────────────────────────┐  
  │  🔥  Select Trending Repository to Play                                                                           │  
  │  🔥  Currently trending repositories                                                                              │  
  └──────────────────────────────────────────────────────────────────────────────────────────────────────────────────┘  
  ┌Trending Repositories─────────────────────────────────────────────────────────────────────────────────────────────┐  
  │                                                                                                                  │  
  │                                                                                                                  │  
  │                                                                                                                  │  
  │                                                                                                                  │  
  │                                                                                                                  │  
  │                                                                                                                  │  
  │                                                                                                                  │  
  │                                                                                                                  │  
  │                                                                                                                  │  
  │                                                                                                                  │  
  │                                                                                                                  │  
  │                                                                                                                  │  
  │                                                                                                                  │  
  │                                                                                                                  │  
  │                                                                                                                  │  
  │                                                                                                                  │  
  │                                                                                                                  │  
  │                                                                                                                  │  
  │                                                                                                                  │  
  │                                                                                                                  │  
  │                                                                                                                  │  
  │                                                                                                                  │  
  │                                                                                                                  │  
  │                                                                                                                  │  
  │                                                                                                                  │  
  │                                                                                                                  │  
  │                                                                                                                  │  
  │                                                                                                                  │  
  │                                                                                                                  │  
  │                                                                                                                  │  
  │                                                                                                                  │  
  │                                                                                                                  │  
  │                                                                                                                  │  
  └──────────────────────────────────────────────────────────────────────────────────────────────────────────────────┘  
                                      [↑↓/JK] Navigate  [SPACE] Play  [ESC] Return
