---
source: tests/integration/screens/session_summary_share_screen_test.rs
expression: output
---
                                                                                                                        
                                                                                                                        
                                                                                                                        
                                                                                                                        
                                                                                                                        
                                                                                                                        
                                                                                                                        
                                                                                                                        
                                                                                                                        
                                                                                                                        
                                                                                                                        
                                                                                                                        
                                                                                                                        
                                                                                                                        
                                                === SHARE YOUR RESULT ===                                               
                                                                                                                        
                                                                                                                        
                                                                                                                        
                  "Security Engineer" with 8500pts on [unhappychoice/gittype] - CPM: 225, Mistakes: 35                  
                                                                                                                        
                                                          [1] X                                                         
                                                       [2] Reddit                                                       
                                                      [3] LinkedIn                                                      
                                                      [4] Facebook                                                      
                                                                                                                        
                                                  [ESC] Back to Results
