---
source: tests/integration/screens/typing_screen_test.rs
expression: output
---
                                                                                                                        
 ┌Challenge───────────────────────────────────────────────────────────────────────────────────────────────────────────┐ 
 │ test.rs:1-3 [Rust] [Easy]                                                                                          │ 
 └────────────────────────────────────────────────────────────────────────────────────────────────────────────────────┘ 
 ┌Code────────────────────────────────────────────────────────────────────────────────────────────────────────────────┐ 
 │                                                                                                                    │ 
 │    1 │ fn main() {↵                                                                                                │ 
 │    2 │     println!("Hello");↵                                                                                     │ 
 │    3 │ }↵                                                                                                          │ 
 │                                                                                                                    │ 
 │                                                                                                                    │ 
 │                                                                                                                    │ 
 │                                                                                                                    │ 
 │                                                                                                                    │ 
 │                                                                                                                    │ 
 │                                                                                                                    │ 
 │                                                                                                                    │ 
 │                                                                                                                    │ 
 │                                                                                                                    │ 
 │                                                                                                                    │ 
 │                                                                                                                    │ 
 │                                                                                                                    │ 
 │                                                                                                                    │ 
 │                                                                                                                    │ 
 │                                                                                                                    │ 
 │                                                                                                                    │ 
 │                                                                                                                    │ 
 │                                                                                                                    │ 
 │                                                                                                                    │ 
 │                                                                                                                    │ 
 │                                                                                                                    │ 
 │                                                                                                                    │ 
 └────────────────────────────────────────────────────────────────────────────────────────────────────────────────────┘ 
 ┌Metrics─────────────────────────────────────────────────────────────────────────────────────────────────────────────┐ 
 │ WPM: 120 | CPM: 600 | Accuracy: 100% | Mistakes: 0 | Streak: 0 | Time: 0s | Skips: 3                               │ 
 └────────────────────────────────────────────────────────────────────────────────────────────────────────────────────┘ 
 ┌Progress────────────────────────────────────────────────────────────────────────────────────────────────────────────┐ 
 │██                                                       2%                                                         │ 
 └────────────────────────────────────────────────────────────────────────────────────────────────────────────────────┘ 
 [ESC] Options
