---
source: tests/integration/languages/typing_core_common.rs
assertion_line: 103
expression: snapshot
---
# text_original
(defn greet [name]
  ; This is a comment
  (str "Hello, " name))

# text_to_type
(defn greet [name]
; This is a comment
(str "Hello, " name))

# text_to_display
(defn greet [name]↵
  ; This is a comment↵
  (str "Hello, " name))↵
