---
source: tests/integration/languages/typing_core_common.rs
expression: snapshot
---
# text_original
class Calculator {
    private var result: Int = 0 // Store result
    
    func add(_ value: Int) -> Calculator { // Add method
        result += value
        return self
    }
    
    func getResult() -> Int {
        return result // Return current result
    }
}

# text_to_type
class Calculator {
private var result: Int = 0 // Store result
func add(_ value: Int) -> Calculator { // Add method
result += value
return self
}
func getResult() -> Int {
return result // Return current result
}
}

# text_to_display
class Calculator {↵
    private var result: Int = 0 // Store result↵
    
    func add(_ value: Int) -> Calculator { // Add method↵
        result += value↵
        return self↵
    }↵
    
    func getResult() -> Int {↵
        return result // Return current result↵
    }↵
}↵
