---
source: tests/integration/languages/extractor.rs
expression: "serde_json::to_string_pretty(&snapshot_data).unwrap()"
---
{
  "chunks": [
    {
      "chunk_type": "Class",
      "comment_ranges": [],
      "content": "abstract class Shape {\n  double get area;\n  void draw();\n\n  void describe() {\n    print('This shape has area: $area');\n  }\n}",
      "end_line": 9,
      "language": "dart",
      "name": "Shape",
      "original_indentation": 0,
      "start_line": 2
    },
    {
      "chunk_type": "Function",
      "comment_ranges": [],
      "content": "  void describe()",
      "end_line": 6,
      "language": "dart",
      "name": "describe",
      "original_indentation": 2,
      "start_line": 6
    },
    {
      "chunk_type": "CodeBlock",
      "comment_ranges": [],
      "content": "  void describe() {\n    print('This shape has area: $area');\n  }",
      "end_line": 8,
      "language": "dart",
      "name": "code_block",
      "original_indentation": 18,
      "start_line": 6
    },
    {
      "chunk_type": "Class",
      "comment_ranges": [],
      "content": "class Circle extends Shape {\n  double radius;\n\n  Circle(this.radius);\n\n  @override\n  double get area => 3.14159 * radius * radius;\n\n  @override\n  void draw() {\n    print('Drawing a circle');\n  }\n}",
      "end_line": 23,
      "language": "dart",
      "name": "Circle",
      "original_indentation": 0,
      "start_line": 11
    },
    {
      "chunk_type": "Function",
      "comment_ranges": [],
      "content": "  void draw()",
      "end_line": 20,
      "language": "dart",
      "name": "draw",
      "original_indentation": 2,
      "start_line": 20
    },
    {
      "chunk_type": "CodeBlock",
      "comment_ranges": [],
      "content": "  void draw() {\n    print('Drawing a circle');\n  }",
      "end_line": 22,
      "language": "dart",
      "name": "code_block",
      "original_indentation": 14,
      "start_line": 20
    }
  ],
  "source_code": "\nabstract class Shape {\n  double get area;\n  void draw();\n\n  void describe() {\n    print('This shape has area: $area');\n  }\n}\n\nclass Circle extends Shape {\n  double radius;\n\n  Circle(this.radius);\n\n  @override\n  double get area => 3.14159 * radius * radius;\n\n  @override\n  void draw() {\n    print('Drawing a circle');\n  }\n}\n",
  "test_name": "test_dart_abstract_class_extraction",
  "total_chunks": 6
}
